d:\code\rtk-laserbenchmark\ancher_consol\ancher_consol\x64\release\vc143.pdb
d:\code\rtk-laserbenchmark\ancher_consol\ancher_consol\x64\release\main.obj
d:\code\rtk-laserbenchmark\ancher_consol\ancher_consol\x64\release\server.obj
d:\code\rtk-laserbenchmark\ancher_consol\ancher_consol\x64\release\.netframework,version=v4.8.assemblyattributes.obj
d:\code\rtk-laserbenchmark\ancher_consol\ancher_consol\x64\release\tracker_manager.obj
d:\code\rtk-laserbenchmark\ancher_consol\x64\release\lmf.tracker.connection.dll
d:\code\rtk-laserbenchmark\ancher_consol\x64\release\lmf.tracker.connection.xml
d:\code\rtk-laserbenchmark\ancher_consol\x64\release\ancher_consol.exe
d:\code\rtk-laserbenchmark\ancher_consol\x64\release\ancher_consol.pdb
d:\code\rtk-laserbenchmark\ancher_consol\ancher_consol\x64\release\.netframework,version=v4.7.2.assemblyattributes.obj
d:\code\rtk-laserbenchmark\ancher_consol\ancher_consol\x64\release\ancher_consol.tlog\cl.command.1.tlog
d:\code\rtk-laserbenchmark\ancher_consol\ancher_consol\x64\release\ancher_consol.tlog\cl.items.tlog
d:\code\rtk-laserbenchmark\ancher_consol\ancher_consol\x64\release\ancher_consol.tlog\cl.read.1.tlog
d:\code\rtk-laserbenchmark\ancher_consol\ancher_consol\x64\release\ancher_consol.tlog\cl.write.1.tlog
d:\code\rtk-laserbenchmark\ancher_consol\ancher_consol\x64\release\ancher_consol.tlog\copylocal.read.1u.tlog
d:\code\rtk-laserbenchmark\ancher_consol\ancher_consol\x64\release\ancher_consol.tlog\copylocal.write.1u.tlog
d:\code\rtk-laserbenchmark\ancher_consol\ancher_consol\x64\release\ancher_consol.tlog\link.command.1.tlog
d:\code\rtk-laserbenchmark\ancher_consol\ancher_consol\x64\release\ancher_consol.tlog\link.read.1.tlog
d:\code\rtk-laserbenchmark\ancher_consol\ancher_consol\x64\release\ancher_consol.tlog\link.secondary.1.tlog
d:\code\rtk-laserbenchmark\ancher_consol\ancher_consol\x64\release\ancher_consol.tlog\link.write.1.tlog
d:\code\rtk-laserbenchmark\ancher_consol\ancher_consol\x64\release\ancher_consol.tlog\metagen.read.1.tlog
d:\code\rtk-laserbenchmark\ancher_consol\ancher_consol\x64\release\ancher_consol.tlog\metagen.write.1.tlog
